[INFO] Scanning for projects...
[INFO] 
[INFO] -----------< com.gestionpaiements.app:gestion-paiements-v2 >------------
[INFO] Building gestion-paiements-v2 0.0.1-SNAPSHOT
[INFO]   from pom.xml
[INFO] --------------------------------[ jar ]---------------------------------
[INFO] 
[INFO] >>> spring-boot:3.2.5:run (default-cli) > test-compile @ gestion-paiements-v2 >>>
[WARNING] 6 problems were encountered while building the effective model for org.openjfx:javafx-controls:jar:21 during dependency collection step for project (use -X to see details)
[INFO] 
[INFO] --- resources:3.3.1:resources (default-resources) @ gestion-paiements-v2 ---
[INFO] Copying 1 resource from src\main\resources to target\classes
[INFO] Copying 5 resources from src\main\resources to target\classes
[INFO] 
[INFO] --- compiler:3.11.0:compile (default-compile) @ gestion-paiements-v2 ---
[INFO] Nothing to compile - all classes are up to date
[INFO] 
[INFO] --- resources:3.3.1:testResources (default-testResources) @ gestion-paiements-v2 ---
[INFO] skip non existing resourceDirectory C:\Users\PC\gest-paiement\gestion-paiements-v2\src\test\resources
[INFO] 
[INFO] --- compiler:3.11.0:testCompile (default-testCompile) @ gestion-paiements-v2 ---
[INFO] No sources to compile
[INFO] 
[INFO] <<< spring-boot:3.2.5:run (default-cli) < test-compile @ gestion-paiements-v2 <<<
[INFO] 
[INFO] 
[INFO] --- spring-boot:3.2.5:run (default-cli) @ gestion-paiements-v2 ---
[INFO] Attaching agents: []
août 17, 2026 8:42:58 PM com.sun.javafx.application.PlatformImpl startup
AVERTISSEMENT: Unsupported JavaFX configuration: classes were loaded from 'unnamed module @25e593b9'

  .   ____          _            __ _ _
 /\\ / ___'_ __ _ _(_)_ __  __ _ \ \ \ \
( ( )\___ | '_ | '_| | '_ \/ _` | \ \ \ \
 \\/  ___)| |_)| | | | | || (_| |  ) ) ) )
  '  |____| .__|_| |_|_| |_\__, | / / / /
 =========|_|==============|___/=/_/_/_/
 :: Spring Boot ::                (v3.2.5)

2026-08-17T20:43:00.300+01:00  INFO 17388 --- [JavaFX-Launcher] o.s.boot.SpringApplication               : Starting application using Java 21.0.12 with PID 17388 (started by PC in C:\Users\PC\gest-paiement\gestion-paiements-v2)
2026-08-17T20:43:00.302+01:00  INFO 17388 --- [JavaFX-Launcher] o.s.boot.SpringApplication               : No active profile set, falling back to 1 default profile: "default"
2026-08-17T20:43:00.777+01:00  INFO 17388 --- [JavaFX-Launcher] .s.d.r.c.RepositoryConfigurationDelegate : Bootstrapping Spring Data JPA repositories in DEFAULT mode.
2026-08-17T20:43:00.840+01:00  INFO 17388 --- [JavaFX-Launcher] .s.d.r.c.RepositoryConfigurationDelegate : Finished Spring Data repository scanning in 56 ms. Found 4 JPA repository interfaces.
2026-08-17T20:43:01.175+01:00  INFO 17388 --- [JavaFX-Launcher] o.hibernate.jpa.internal.util.LogHelper  : HHH000204: Processing PersistenceUnitInfo [name: default]
2026-08-17T20:43:01.233+01:00  INFO 17388 --- [JavaFX-Launcher] org.hibernate.Version                    : HHH000412: Hibernate ORM core version 6.4.4.Final
2026-08-17T20:43:01.266+01:00  INFO 17388 --- [JavaFX-Launcher] o.h.c.internal.RegionFactoryInitiator    : HHH000026: Second-level cache disabled
2026-08-17T20:43:01.609+01:00  INFO 17388 --- [JavaFX-Launcher] o.s.o.j.p.SpringPersistenceUnitInfo      : No LoadTimeWeaver setup: ignoring JPA class transformer
2026-08-17T20:43:01.635+01:00  INFO 17388 --- [JavaFX-Launcher] com.zaxxer.hikari.HikariDataSource       : HikariPool-1 - Starting...
2026-08-17T20:43:02.086+01:00  INFO 17388 --- [JavaFX-Launcher] com.zaxxer.hikari.pool.HikariPool        : HikariPool-1 - Added connection com.mysql.cj.jdbc.ConnectionImpl@50b20335
2026-08-17T20:43:02.087+01:00  INFO 17388 --- [JavaFX-Launcher] com.zaxxer.hikari.HikariDataSource       : HikariPool-1 - Start completed.
2026-08-17T20:43:03.264+01:00  INFO 17388 --- [JavaFX-Launcher] o.h.e.t.j.p.i.JtaPlatformInitiator       : HHH000489: No JTA platform available (set 'hibernate.transaction.jta.platform' to enable JTA platform integration)
2026-08-17T20:43:03.419+01:00  INFO 17388 --- [JavaFX-Launcher] j.LocalContainerEntityManagerFactoryBean : Initialized JPA EntityManagerFactory for persistence unit 'default'
2026-08-17T20:43:03.790+01:00  INFO 17388 --- [JavaFX-Launcher] o.s.d.j.r.query.QueryEnhancerFactory     : Hibernate is in classpath; If applicable, HQL parser will be used.
2026-08-17T20:43:04.676+01:00  INFO 17388 --- [JavaFX-Launcher] o.s.boot.SpringApplication               : Started application in 5.189 seconds (process running for 6.29)
2026-08-17T20:43:11.353+01:00  INFO 17388 --- [lication Thread] j.LocalContainerEntityManagerFactoryBean : Closing JPA EntityManagerFactory for persistence unit 'default'
2026-08-17T20:43:11.356+01:00  INFO 17388 --- [lication Thread] com.zaxxer.hikari.HikariDataSource       : HikariPool-1 - Shutdown initiated...
2026-08-17T20:43:11.367+01:00  INFO 17388 --- [lication Thread] com.zaxxer.hikari.HikariDataSource       : HikariPool-1 - Shutdown completed.
[INFO] ------------------------------------------------------------------------
[INFO] BUILD SUCCESS
[INFO] ------------------------------------------------------------------------
[INFO] Total time:  16.981 s
[INFO] Finished at: 2026-08-17T20:43:11+01:00
[INFO] ------------------------------------------------------------------------
