[INFO] Scanning for projects...
[INFO] 
[INFO] -----------< com.gestionpaiements.app:gestion-paiements-v2 >------------
[INFO] Building gestion-paiements-v2 0.0.1-SNAPSHOT
[INFO]   from pom.xml
[INFO] --------------------------------[ jar ]---------------------------------
[INFO] 
[INFO] >>> spring-boot:3.2.5:run (default-cli) > test-compile @ gestion-paiements-v2 >>>
[WARNING] 6 problems were encountered while building the effective model for org.openjfx:javafx-controls:jar:21 during dependency collection step for project (use -X to see details)
[INFO] 
[INFO] --- resources:3.3.1:resources (default-resources) @ gestion-paiements-v2 ---
[INFO] Copying 1 resource from src\main\resources to target\classes
[INFO] Copying 5 resources from src\main\resources to target\classes
[INFO] 
[INFO] --- compiler:3.11.0:compile (default-compile) @ gestion-paiements-v2 ---
[INFO] Nothing to compile - all classes are up to date
[INFO] 
[INFO] --- resources:3.3.1:testResources (default-testResources) @ gestion-paiements-v2 ---
[INFO] skip non existing resourceDirectory C:\Users\PC\gest-paiement\gestion-paiements-v2\src\test\resources
[INFO] 
[INFO] --- compiler:3.11.0:testCompile (default-testCompile) @ gestion-paiements-v2 ---
[INFO] No sources to compile
[INFO] 
[INFO] <<< spring-boot:3.2.5:run (default-cli) < test-compile @ gestion-paiements-v2 <<<
[INFO] 
[INFO] 
[INFO] --- spring-boot:3.2.5:run (default-cli) @ gestion-paiements-v2 ---
[INFO] Attaching agents: []
août 17, 2026 8:24:20 PM com.sun.javafx.application.PlatformImpl startup
AVERTISSEMENT: Unsupported JavaFX configuration: classes were loaded from 'unnamed module @4b52a719'

  .   ____          _            __ _ _
 /\\ / ___'_ __ _ _(_)_ __  __ _ \ \ \ \
( ( )\___ | '_ | '_| | '_ \/ _` | \ \ \ \
 \\/  ___)| |_)| | | | | || (_| |  ) ) ) )
  '  |____| .__|_| |_|_| |_\__, | / / / /
 =========|_|==============|___/=/_/_/_/
 :: Spring Boot ::                (v3.2.5)

2026-08-17T20:24:22.076+01:00  INFO 22500 --- [JavaFX-Launcher] o.s.boot.SpringApplication               : Starting application using Java 21.0.12 with PID 22500 (started by PC in C:\Users\PC\gest-paiement\gestion-paiements-v2)
2026-08-17T20:24:22.079+01:00  INFO 22500 --- [JavaFX-Launcher] o.s.boot.SpringApplication               : No active profile set, falling back to 1 default profile: "default"
2026-08-17T20:24:22.531+01:00  INFO 22500 --- [JavaFX-Launcher] .s.d.r.c.RepositoryConfigurationDelegate : Bootstrapping Spring Data JPA repositories in DEFAULT mode.
2026-08-17T20:24:22.593+01:00  INFO 22500 --- [JavaFX-Launcher] .s.d.r.c.RepositoryConfigurationDelegate : Finished Spring Data repository scanning in 54 ms. Found 4 JPA repository interfaces.
2026-08-17T20:24:23.094+01:00  INFO 22500 --- [JavaFX-Launcher] o.hibernate.jpa.internal.util.LogHelper  : HHH000204: Processing PersistenceUnitInfo [name: default]
2026-08-17T20:24:23.175+01:00  INFO 22500 --- [JavaFX-Launcher] org.hibernate.Version                    : HHH000412: Hibernate ORM core version 6.4.4.Final
2026-08-17T20:24:23.242+01:00  INFO 22500 --- [JavaFX-Launcher] o.h.c.internal.RegionFactoryInitiator    : HHH000026: Second-level cache disabled
2026-08-17T20:24:23.587+01:00  INFO 22500 --- [JavaFX-Launcher] o.s.o.j.p.SpringPersistenceUnitInfo      : No LoadTimeWeaver setup: ignoring JPA class transformer
2026-08-17T20:24:23.608+01:00  INFO 22500 --- [JavaFX-Launcher] com.zaxxer.hikari.HikariDataSource       : HikariPool-1 - Starting...
2026-08-17T20:24:24.047+01:00  INFO 22500 --- [JavaFX-Launcher] com.zaxxer.hikari.pool.HikariPool        : HikariPool-1 - Added connection com.mysql.cj.jdbc.ConnectionImpl@4a26f4d3
2026-08-17T20:24:24.048+01:00  INFO 22500 --- [JavaFX-Launcher] com.zaxxer.hikari.HikariDataSource       : HikariPool-1 - Start completed.
2026-08-17T20:24:25.229+01:00  INFO 22500 --- [JavaFX-Launcher] o.h.e.t.j.p.i.JtaPlatformInitiator       : HHH000489: No JTA platform available (set 'hibernate.transaction.jta.platform' to enable JTA platform integration)
Hibernate: create table configuration_app (id bigint not null auto_increment, article varchar(255), code_cgnc varchar(255), exercice varchar(255), lig varchar(255), logo tinyblob, nom_direction varchar(255), par varchar(255), texte_decret varchar(2000), ville_signature varchar(255), primary key (id)) engine=InnoDB
Hibernate: create table lot (id_lot bigint not null auto_increment, date_creation date, nom_lot varchar(255) not null, statut enum ('ACTIF','CLOTURE') not null, id_utilisateur bigint not null, primary key (id_lot)) engine=InnoDB
Hibernate: create table paiement (id_paiement bigint not null auto_increment, date_debut date, date_fin date, date_paiement date, mode_paiement varchar(255), montant_brut decimal(10,2), montant_net decimal(10,2), nombre_heures decimal(10,2), objet_reglement varchar(255), reference_reglement varchar(255), retenue_ir decimal(10,2), taux decimal(10,2), taux_ir decimal(10,2), type_paiement enum ('VACATAIRE','HEURE_SUP','DEPLACEMENT') not null, type_reference_reglement varchar(255), id_lot bigint not null, id_professeur bigint not null, id_utilisateur bigint not null, primary key (id_paiement)) engine=InnoDB
Hibernate: create table professeur (id_professeur bigint not null auto_increment, affectation varchar(255), cin varchar(255) not null, ddr date, echelle integer, grade varchar(255), nom varchar(255) not null, ppr varchar(255) not null, prenom varchar(255) not null, rib_banque varchar(255), rib_cle varchar(255), rib_numero_compte varchar(255), rib_ville varchar(255), primary key (id_professeur)) engine=InnoDB
Hibernate: create table utilisateur (id_utilisateur bigint not null auto_increment, mot_de_passe varchar(255) not null, nom_utilisateur varchar(255) not null, primary key (id_utilisateur)) engine=InnoDB
Hibernate: alter table professeur drop index UK20b8csstj06lgrtdfxfasruoq
Hibernate: alter table professeur add constraint UK20b8csstj06lgrtdfxfasruoq unique (cin)
Hibernate: alter table professeur drop index UKi0eml8vwtbc7m5f7gsuhcetg5
Hibernate: alter table professeur add constraint UKi0eml8vwtbc7m5f7gsuhcetg5 unique (ppr)
Hibernate: alter table utilisateur drop index UKqaujre9c9usfu26gt36onlblk
Hibernate: alter table utilisateur add constraint UKqaujre9c9usfu26gt36onlblk unique (nom_utilisateur)
Hibernate: alter table lot add constraint FKg3syleu1kcro49tef1s7hbl8y foreign key (id_utilisateur) references utilisateur (id_utilisateur)
Hibernate: alter table paiement add constraint FKteatlywda5oeioeb5xuasvsmk foreign key (id_lot) references lot (id_lot)
Hibernate: alter table paiement add constraint FK2ireu7236co4curnveod9b2j0 foreign key (id_professeur) references professeur (id_professeur)
Hibernate: alter table paiement add constraint FKlgaejmjhcf6n3wnk09e0a61w3 foreign key (id_utilisateur) references utilisateur (id_utilisateur)
2026-08-17T20:24:26.240+01:00  INFO 22500 --- [JavaFX-Launcher] j.LocalContainerEntityManagerFactoryBean : Initialized JPA EntityManagerFactory for persistence unit 'default'
2026-08-17T20:24:26.575+01:00  INFO 22500 --- [JavaFX-Launcher] o.s.d.j.r.query.QueryEnhancerFactory     : Hibernate is in classpath; If applicable, HQL parser will be used.
2026-08-17T20:24:27.656+01:00  INFO 22500 --- [JavaFX-Launcher] o.s.boot.SpringApplication               : Started application in 6.295 seconds (process running for 7.541)
Hibernate: select u1_0.id_utilisateur,u1_0.mot_de_passe,u1_0.nom_utilisateur from utilisateur u1_0 where u1_0.nom_utilisateur=?
Hibernate: select p1_0.id_professeur,p1_0.affectation,p1_0.cin,p1_0.ddr,p1_0.echelle,p1_0.grade,p1_0.nom,p1_0.ppr,p1_0.prenom,p1_0.rib_banque,p1_0.rib_cle,p1_0.rib_numero_compte,p1_0.rib_ville from professeur p1_0 where ((? is not null and p1_0.cin=?) or (? is not null and p1_0.ppr=?))
Hibernate: select l1_0.id_lot,l1_0.date_creation,l1_0.nom_lot,l1_0.statut,l1_0.id_utilisateur from lot l1_0 where l1_0.id_utilisateur=? and l1_0.statut=? order by l1_0.id_lot desc limit ?
Hibernate: insert into lot (date_creation,nom_lot,statut,id_utilisateur) values (?,?,?,?)
Hibernate: insert into professeur (affectation,cin,ddr,echelle,grade,nom,ppr,prenom,rib_banque,rib_cle,rib_numero_compte,rib_ville) values (?,?,?,?,?,?,?,?,?,?,?,?)
Hibernate: select l1_0.id_lot,l1_0.date_creation,l1_0.nom_lot,l1_0.statut,l1_0.id_utilisateur from lot l1_0 where l1_0.id_utilisateur=? and l1_0.statut=? order by l1_0.id_lot desc limit ?
Hibernate: select u1_0.id_utilisateur,u1_0.mot_de_passe,u1_0.nom_utilisateur from utilisateur u1_0 where u1_0.id_utilisateur=?
Hibernate: insert into paiement (date_debut,date_fin,date_paiement,id_lot,mode_paiement,montant_brut,montant_net,nombre_heures,objet_reglement,id_professeur,reference_reglement,retenue_ir,taux,taux_ir,type_paiement,type_reference_reglement,id_utilisateur) values (?,?,?,?,?,?,?,?,?,?,?,?,?,?,?,?,?)
Hibernate: select p1_0.id_professeur,p1_0.affectation,p1_0.cin,p1_0.ddr,p1_0.echelle,p1_0.grade,p1_0.nom,p1_0.ppr,p1_0.prenom,p1_0.rib_banque,p1_0.rib_cle,p1_0.rib_numero_compte,p1_0.rib_ville from professeur p1_0 where ((? is not null and p1_0.cin=?) or (? is not null and p1_0.ppr=?))
2026-08-17T20:25:56.369+01:00  INFO 22500 --- [lication Thread] j.LocalContainerEntityManagerFactoryBean : Closing JPA EntityManagerFactory for persistence unit 'default'
2026-08-17T20:25:56.372+01:00  INFO 22500 --- [lication Thread] com.zaxxer.hikari.HikariDataSource       : HikariPool-1 - Shutdown initiated...
2026-08-17T20:25:56.386+01:00  INFO 22500 --- [lication Thread] com.zaxxer.hikari.HikariDataSource       : HikariPool-1 - Shutdown completed.
[INFO] ------------------------------------------------------------------------
[INFO] BUILD SUCCESS
[INFO] ------------------------------------------------------------------------
[INFO] Total time:  01:40 min
[INFO] Finished at: 2026-08-17T20:25:56+01:00
[INFO] ------------------------------------------------------------------------
