[INFO] Scanning for projects...
[INFO] 
[INFO] -----------< com.gestionpaiements.app:gestion-paiements-v2 >------------
[INFO] Building gestion-paiements-v2 0.0.1-SNAPSHOT
[INFO]   from pom.xml
[INFO] --------------------------------[ jar ]---------------------------------
[INFO] 
[INFO] >>> spring-boot:3.2.5:run (default-cli) > test-compile @ gestion-paiements-v2 >>>
[WARNING] 6 problems were encountered while building the effective model for org.openjfx:javafx-controls:jar:21 during dependency collection step for project (use -X to see details)
[INFO] 
[INFO] --- resources:3.3.1:resources (default-resources) @ gestion-paiements-v2 ---
[INFO] Copying 1 resource from src\main\resources to target\classes
[INFO] Copying 5 resources from src\main\resources to target\classes
[INFO] 
[INFO] --- compiler:3.11.0:compile (default-compile) @ gestion-paiements-v2 ---
[INFO] Nothing to compile - all classes are up to date
[INFO] 
[INFO] --- resources:3.3.1:testResources (default-testResources) @ gestion-paiements-v2 ---
[INFO] skip non existing resourceDirectory C:\Users\PC\gest-paiement\gestion-paiements-v2\src\test\resources
[INFO] 
[INFO] --- compiler:3.11.0:testCompile (default-testCompile) @ gestion-paiements-v2 ---
[INFO] No sources to compile
[INFO] 
[INFO] <<< spring-boot:3.2.5:run (default-cli) < test-compile @ gestion-paiements-v2 <<<
[INFO] 
[INFO] 
[INFO] --- spring-boot:3.2.5:run (default-cli) @ gestion-paiements-v2 ---
[INFO] Attaching agents: []
août 17, 2026 8:41:17 PM com.sun.javafx.application.PlatformImpl startup
AVERTISSEMENT: Unsupported JavaFX configuration: classes were loaded from 'unnamed module @4b52a719'

  .   ____          _            __ _ _
 /\\ / ___'_ __ _ _(_)_ __  __ _ \ \ \ \
( ( )\___ | '_ | '_| | '_ \/ _` | \ \ \ \
 \\/  ___)| |_)| | | | | || (_| |  ) ) ) )
  '  |____| .__|_| |_|_| |_\__, | / / / /
 =========|_|==============|___/=/_/_/_/
 :: Spring Boot ::                (v3.2.5)

2026-08-17T20:41:18.962+01:00  INFO 8392 --- [JavaFX-Launcher] o.s.boot.SpringApplication               : Starting application using Java 21.0.12 with PID 8392 (started by PC in C:\Users\PC\gest-paiement\gestion-paiements-v2)
2026-08-17T20:41:18.964+01:00  INFO 8392 --- [JavaFX-Launcher] o.s.boot.SpringApplication               : No active profile set, falling back to 1 default profile: "default"
2026-08-17T20:41:19.499+01:00  INFO 8392 --- [JavaFX-Launcher] .s.d.r.c.RepositoryConfigurationDelegate : Bootstrapping Spring Data JPA repositories in DEFAULT mode.
2026-08-17T20:41:19.589+01:00  INFO 8392 --- [JavaFX-Launcher] .s.d.r.c.RepositoryConfigurationDelegate : Finished Spring Data repository scanning in 81 ms. Found 4 JPA repository interfaces.
2026-08-17T20:41:19.953+01:00  INFO 8392 --- [JavaFX-Launcher] o.hibernate.jpa.internal.util.LogHelper  : HHH000204: Processing PersistenceUnitInfo [name: default]
2026-08-17T20:41:20.014+01:00  INFO 8392 --- [JavaFX-Launcher] org.hibernate.Version                    : HHH000412: Hibernate ORM core version 6.4.4.Final
2026-08-17T20:41:20.083+01:00  INFO 8392 --- [JavaFX-Launcher] o.h.c.internal.RegionFactoryInitiator    : HHH000026: Second-level cache disabled
2026-08-17T20:41:20.388+01:00  INFO 8392 --- [JavaFX-Launcher] o.s.o.j.p.SpringPersistenceUnitInfo      : No LoadTimeWeaver setup: ignoring JPA class transformer
2026-08-17T20:41:20.418+01:00  INFO 8392 --- [JavaFX-Launcher] com.zaxxer.hikari.HikariDataSource       : HikariPool-1 - Starting...
2026-08-17T20:41:20.836+01:00  INFO 8392 --- [JavaFX-Launcher] com.zaxxer.hikari.pool.HikariPool        : HikariPool-1 - Added connection com.mysql.cj.jdbc.ConnectionImpl@48f7797f
2026-08-17T20:41:20.838+01:00  INFO 8392 --- [JavaFX-Launcher] com.zaxxer.hikari.HikariDataSource       : HikariPool-1 - Start completed.
2026-08-17T20:41:22.213+01:00  INFO 8392 --- [JavaFX-Launcher] o.h.e.t.j.p.i.JtaPlatformInitiator       : HHH000489: No JTA platform available (set 'hibernate.transaction.jta.platform' to enable JTA platform integration)
2026-08-17T20:41:22.368+01:00  INFO 8392 --- [JavaFX-Launcher] j.LocalContainerEntityManagerFactoryBean : Initialized JPA EntityManagerFactory for persistence unit 'default'
2026-08-17T20:41:22.875+01:00  INFO 8392 --- [JavaFX-Launcher] o.s.d.j.r.query.QueryEnhancerFactory     : Hibernate is in classpath; If applicable, HQL parser will be used.
2026-08-17T20:41:23.878+01:00  INFO 8392 --- [JavaFX-Launcher] o.s.boot.SpringApplication               : Started application in 5.565 seconds (process running for 6.572)
Hibernate: select u1_0.id_utilisateur,u1_0.mot_de_passe,u1_0.nom_utilisateur from utilisateur u1_0 where u1_0.nom_utilisateur=?
Hibernate: select p1_0.id_professeur,p1_0.affectation,p1_0.cin,p1_0.ddr,p1_0.echelle,p1_0.grade,p1_0.nom,p1_0.ppr,p1_0.prenom,p1_0.rib_banque,p1_0.rib_cle,p1_0.rib_numero_compte,p1_0.rib_ville from professeur p1_0 where ((? is not null and p1_0.cin=?) or (? is not null and p1_0.ppr=?))
2026-08-17T20:41:54.939+01:00  INFO 8392 --- [lication Thread] j.LocalContainerEntityManagerFactoryBean : Closing JPA EntityManagerFactory for persistence unit 'default'
2026-08-17T20:41:54.941+01:00  INFO 8392 --- [lication Thread] com.zaxxer.hikari.HikariDataSource       : HikariPool-1 - Shutdown initiated...
2026-08-17T20:41:54.955+01:00  INFO 8392 --- [lication Thread] com.zaxxer.hikari.HikariDataSource       : HikariPool-1 - Shutdown completed.
[INFO] ------------------------------------------------------------------------
[INFO] BUILD SUCCESS
[INFO] ------------------------------------------------------------------------
[INFO] Total time:  41.652 s
[INFO] Finished at: 2026-08-17T20:41:55+01:00
[INFO] ------------------------------------------------------------------------
